2026-08-09 02:51:43,826 - apscheduler.scheduler - INFO - Adding job tentatively -- it will be properly scheduled when the scheduler starts
2026-08-09 02:51:44,350 - apscheduler.scheduler - INFO - Added job "replenish_codes" to job store "default"
2026-08-09 02:51:44,351 - apscheduler.scheduler - INFO - Scheduler started
2026-08-09 02:51:47,187 - config.config - INFO - Configuration loaded successfully from 'config.json'.
2026-08-09 02:51:47,188 - config.config - INFO - Configuration loaded successfully from 'config.json'.
2026-08-09 02:51:53,827 - apscheduler.executors.default - INFO - Running job "replenish_codes (trigger: interval[1 day, 0:00:00], next run at: 2026-08-09 23:51:53 UTC)" (scheduled at 2026-08-08 23:51:53.826308+00:00)
2026-08-09 02:51:53,829 - apscheduler.executors.default - INFO - Job "replenish_codes (trigger: interval[1 day, 0:00:00], next run at: 2026-08-09 23:51:53 UTC)" executed successfully
2026-08-09 02:51:55,129 - config.config - INFO - Configuration loaded successfully from 'config.json'.
2026-08-09 02:51:55,130 - config.config - INFO - Configuration loaded successfully from 'config.json'.
2026-08-09 02:51:55,130 - config.config - INFO - Configuration loaded successfully from 'config.json'.
2026-08-09 02:51:57,907 - config.config - INFO - Configuration loaded successfully from 'config.json'.
2026-08-09 02:51:57,908 - config.config - INFO - Configuration loaded successfully from 'config.json'.
2026-08-09 02:51:57,908 - config.config - INFO - Configuration loaded successfully from 'config.json'.
2026-08-09 02:52:04,571 - config.config - INFO - Configuration loaded successfully from 'config.json'.
2026-08-09 02:52:04,572 - config.config - INFO - Configuration loaded successfully from 'config.json'.
2026-08-09 02:52:04,572 - config.config - INFO - Configuration loaded successfully from 'config.json'.
2026-08-09 02:52:04,573 - config.config - INFO - Configuration saved successfully to 'config.json'.
2026-08-09 02:52:04,574 - config.config - INFO - Configuration loaded successfully from 'config.json'.
2026-08-09 02:52:09,065 - config.config - INFO - Configuration loaded successfully from 'config.json'.
2026-08-09 02:52:09,066 - config.config - INFO - Configuration loaded successfully from 'config.json'.
2026-08-09 02:52:09,066 - config.config - INFO - Configuration loaded successfully from 'config.json'.
2026-08-09 02:52:09,163 - config.config - INFO - Configuration saved successfully to 'config.json'.
2026-08-09 02:52:09,164 - config.config - INFO - Configuration loaded successfully from 'config.json'.
2026-08-09 02:52:09,164 - config.config - INFO - Configuration loaded successfully from 'config.json'.
2026-08-09 02:52:09,165 - config.config - INFO - Configuration saved successfully to 'config.json'.
2026-08-09 02:52:09,165 - bot.tools - INFO - Judgment Day protocol activated (target=Алёна󠅂󠄋󠅝󠆜󠇈󠄾󠆩󠅾󠅜󠆋󠆨󠇒󠄲󠄘󠅴󠆜󠄷󠇝󠅴󠆤)
2026-08-09 02:52:10,283 - config.config - INFO - Configuration loaded successfully from 'config.json'.
2026-08-09 02:52:11,419 - config.config - INFO - Configuration loaded successfully from 'config.json'.
2026-08-09 02:52:12,562 - config.config - INFO - Configuration loaded successfully from 'config.json'.
2026-08-09 02:52:13,682 - config.config - INFO - Configuration loaded successfully from 'config.json'.
2026-08-09 02:52:14,807 - config.config - INFO - Configuration loaded successfully from 'config.json'.
2026-08-09 02:52:15,956 - config.config - INFO - Configuration loaded successfully from 'config.json'.
2026-08-09 02:52:15,957 - config.config - INFO - Configuration saved successfully to 'config.json'.
2026-08-09 02:52:15,957 - bot.tools - INFO - Channel Алёна󠅂󠄋󠅝󠆜󠇈󠄾󠆩󠅾󠅜󠆋󠆨󠇒󠄲󠄘󠅴 marked as EXCOMMUNICADO
2026-08-09 02:52:17,209 - config.config - INFO - Configuration loaded successfully from 'config.json'.
2026-08-09 02:52:17,210 - config.config - INFO - Configuration saved successfully to 'config.json'.
2026-08-09 02:52:17,210 - bot.tools - INFO - Judgment Day protocol ended, mode restored to normal
2026-08-09 02:52:21,115 - config.config - INFO - Configuration loaded successfully from 'config.json'.
2026-08-09 02:52:21,116 - config.config - INFO - Configuration loaded successfully from 'config.json'.
2026-08-09 02:52:21,116 - config.config - INFO - Configuration loaded successfully from 'config.json'.
2026-08-09 02:52:22,198 - config.config - INFO - Configuration loaded successfully from 'config.json'.
2026-08-09 02:52:22,198 - config.config - INFO - Configuration loaded successfully from 'config.json'.
2026-08-09 02:52:22,199 - config.config - INFO - Configuration loaded successfully from 'config.json'.
2026-08-09 02:52:23,180 - config.config - INFO - Configuration loaded successfully from 'config.json'.
2026-08-09 02:52:23,180 - config.config - INFO - Configuration loaded successfully from 'config.json'.
2026-08-09 02:52:23,181 - config.config - INFO - Configuration loaded successfully from 'config.json'.
2026-08-09 02:52:23,277 - config.config - INFO - Configuration saved successfully to 'config.json'.
2026-08-09 02:52:23,278 - config.config - INFO - Configuration loaded successfully from 'config.json'.
2026-08-09 02:52:30,313 - config.config - INFO - Configuration loaded successfully from 'config.json'.
2026-08-09 02:52:30,314 - config.config - INFO - Configuration loaded successfully from 'config.json'.
2026-08-09 02:52:30,314 - config.config - INFO - Configuration loaded successfully from 'config.json'.
2026-08-09 02:52:30,315 - config.config - INFO - Configuration saved successfully to 'config.json'.
2026-08-09 02:52:30,315 - config.config - INFO - Configuration loaded successfully from 'config.json'.
2026-08-09 02:52:32,404 - config.config - INFO - Configuration loaded successfully from 'config.json'.
2026-08-09 02:52:32,404 - config.config - INFO - Configuration loaded successfully from 'config.json'.
2026-08-09 02:52:32,404 - config.config - INFO - Configuration loaded successfully from 'config.json'.
2026-08-09 02:52:32,405 - config.config - INFO - Configuration saved successfully to 'config.json'.
2026-08-09 02:52:32,405 - config.config - INFO - Configuration loaded successfully from 'config.json'.
2026-08-09 02:52:33,672 - config.config - INFO - Configuration loaded successfully from 'config.json'.
2026-08-09 02:52:33,672 - config.config - INFO - Configuration loaded successfully from 'config.json'.
2026-08-09 02:52:33,673 - config.config - INFO - Configuration loaded successfully from 'config.json'.
2026-08-09 02:52:34,913 - config.config - INFO - Configuration loaded successfully from 'config.json'.
2026-08-09 02:52:34,913 - config.config - INFO - Configuration loaded successfully from 'config.json'.
2026-08-09 02:52:34,914 - config.config - INFO - Configuration loaded successfully from 'config.json'.
2026-08-09 02:52:36,132 - config.config - INFO - Configuration loaded successfully from 'config.json'.
2026-08-09 02:52:36,132 - config.config - INFO - Configuration loaded successfully from 'config.json'.
2026-08-09 02:52:36,132 - config.config - INFO - Configuration loaded successfully from 'config.json'.
2026-08-09 02:52:36,133 - config.config - INFO - Configuration loaded successfully from 'config.json'.
2026-08-09 02:52:36,258 - bot.tools - INFO - Judgment Day mode set via jday()
2026-08-09 02:52:36,259 - config.config - INFO - Configuration saved successfully to 'config.json'.
2026-08-09 02:52:36,259 - config.config - INFO - Configuration loaded successfully from 'config.json'.
2026-08-09 02:52:36,259 - config.config - INFO - Configuration loaded successfully from 'config.json'.
2026-08-09 02:52:41,475 - config.config - INFO - Configuration loaded successfully from 'config.json'.
2026-08-09 02:52:41,475 - config.config - INFO - Configuration loaded successfully from 'config.json'.
2026-08-09 02:52:41,475 - config.config - INFO - Configuration loaded successfully from 'config.json'.
2026-08-09 02:52:41,476 - config.config - INFO - Configuration loaded successfully from 'config.json'.
2026-08-09 02:52:41,594 - bot.tools - INFO - Normal mode restored via jday()
2026-08-09 02:52:41,596 - config.config - INFO - Configuration saved successfully to 'config.json'.
2026-08-09 02:52:41,596 - config.config - INFO - Configuration loaded successfully from 'config.json'.
2026-08-09 02:52:41,596 - config.config - INFO - Configuration loaded successfully from 'config.json'.
2026-08-09 02:52:42,786 - config.config - INFO - Configuration loaded successfully from 'config.json'.
2026-08-09 02:52:42,787 - config.config - INFO - Configuration loaded successfully from 'config.json'.
2026-08-09 02:52:42,787 - config.config - INFO - Configuration loaded successfully from 'config.json'.
2026-08-09 02:52:42,787 - config.config - INFO - Configuration loaded successfully from 'config.json'.
2026-08-09 02:52:42,788 - config.config - INFO - Configuration saved successfully to 'config.json'.
2026-08-09 02:52:42,907 - bot.tools - INFO - Protection disabled
2026-08-09 02:52:42,908 - config.config - INFO - Configuration loaded successfully from 'config.json'.
2026-08-09 02:52:42,908 - config.config - INFO - Configuration loaded successfully from 'config.json'.
2026-08-09 02:52:45,266 - config.config - INFO - Configuration loaded successfully from 'config.json'.
2026-08-09 02:52:45,267 - config.config - INFO - Configuration loaded successfully from 'config.json'.
2026-08-09 02:52:45,267 - config.config - INFO - Configuration loaded successfully from 'config.json'.
2026-08-09 02:52:45,268 - config.config - INFO - Configuration loaded successfully from 'config.json'.
2026-08-09 02:52:45,268 - config.config - INFO - Configuration saved successfully to 'config.json'.
2026-08-09 02:52:45,385 - bot.tools - INFO - Blockall (full lockdown) activated
2026-08-09 02:52:45,386 - config.config - INFO - Configuration loaded successfully from 'config.json'.
2026-08-09 02:52:45,386 - config.config - INFO - Configuration loaded successfully from 'config.json'.
2026-08-09 02:57:13,478 - apscheduler.scheduler - INFO - Adding job tentatively -- it will be properly scheduled when the scheduler starts
2026-08-09 02:57:13,992 - apscheduler.scheduler - INFO - Added job "replenish_codes" to job store "default"
2026-08-09 02:57:13,992 - apscheduler.scheduler - INFO - Scheduler started
2026-08-09 02:57:17,324 - config.config - INFO - Configuration loaded successfully from 'config.json'.
2026-08-09 02:57:23,479 - apscheduler.executors.default - INFO - Running job "replenish_codes (trigger: interval[1 day, 0:00:00], next run at: 2026-08-09 23:57:23 UTC)" (scheduled at 2026-08-08 23:57:23.477566+00:00)
2026-08-09 02:57:23,481 - apscheduler.executors.default - INFO - Job "replenish_codes (trigger: interval[1 day, 0:00:00], next run at: 2026-08-09 23:57:23 UTC)" executed successfully
